// Jest Snapshot v1, https://goo.gl/fbAQLP

exports[`Settings should render correctly 1`] = `
<body>
  <div>
    <div
      class="settings"
    >
      <div
        class="close-button"
      >
        <img
          alt="cross"
          height="20px"
          src="/assets/cross.svg"
          width="20px"
        />
      </div>
      <div
        class="navbar"
      >
        <div
          class="menu active"
        >
          Background
        </div>
        <div
          class="menu "
        >
          Quote
        </div>
        <div
          class="menu "
        >
          Terminal
        </div>
      </div>
      <div
        class="divider"
      />
      <div
        class="settings-content"
      >
        <div
          class="background-settings"
        >
          <div
            class="input-group"
          >
            <label>
              Background Image
            </label>
            <input
              type="file"
              value=""
            />
          </div>
          <div
            class="input-group"
          >
            <label>
              Particles
            </label>
            <p>
              <input
                checked=""
                type="checkbox"
              />
              <span>
                Enabled
              </span>
            </p>
          </div>
        </div>
      </div>
    </div>
  </div>
</body>
`;
