// Jest Snapshot v1, https://goo.gl/fbAQLP

exports[`ThemeSettings should render correctly 1`] = `
<body>
  <div>
    <div
      class="theme-settings"
    >
      <div
        class="input-group"
      >
        <label>
          Style
        </label>
        <p>
          <input
            type="color"
            value="black"
          />
          <span>
            Background Color
          </span>
        </p>
        <p>
          <input
            type="color"
            value="white"
          />
          <span>
            Color
          </span>
        </p>
      </div>
      <div
        class="input-group"
      >
        <label>
          Background Image
        </label>
        <input
          type="file"
          value=""
        />
      </div>
      <div
        class="input-group"
      >
        <label>
          Particles
        </label>
        <p>
          <input
            checked=""
            type="checkbox"
          />
          <span>
            Enabled
          </span>
        </p>
      </div>
    </div>
  </div>
</body>
`;
